// Jest Snapshot v1, https://goo.gl/fbAQLP

exports[`<Profile /> should render the heading 1`] = `
.c1 {
  width: 100%;
  max-width: 130rem;
  margin-left: auto;
  margin-right: auto;
  padding-left: calc(3.2rem / 2);
  padding-right: calc(3.2rem / 2);
}

.c22 {
  color: #FAFAFA;
  padding-left: 0.8rem;
  border-left: 0.7rem solid #3CD3C1;
  font-size: 2.0rem;
}

.c32 {
  color: #030517;
  position: relative;
  margin-bottom: 3.2rem;
  font-size: 1.6rem;
}

.c32::after {
  position: absolute;
  left: 0;
  bottom: -0.5rem;
  content: '';
  width: 5rem;
  border-bottom: 0.5rem solid #3CD3C1;
}

.c32::after {
  width: 3rem;
}

.c5 {
  display: inline-block;
  vertical-align: middle;
  overflow: hidden;
}

.c24 {
  display: -webkit-box;
  display: -webkit-flex;
  display: -ms-flexbox;
  display: flex;
  border-bottom: 0.1rem solid #EAEAEA;
}

.c25 {
  -webkit-flex: 1;
  -ms-flex: 1;
  flex: 1;
  display: -webkit-box;
  display: -webkit-flex;
  display: -ms-flexbox;
  display: flex;
  -webkit-box-pack: center;
  -webkit-justify-content: center;
  -ms-flex-pack: center;
  justify-content: center;
  -webkit-align-items: center;
  -webkit-box-align: center;
  -ms-flex-align: center;
  align-items: center;
  padding: 1.6rem 0;
  -webkit-text-decoration: none;
  text-decoration: none;
  -webkit-transition: background,color,0.3s ease-in-out;
  transition: background,color,0.3s ease-in-out;
  color: #030517;
  background-color: #FAFAFA;
}

.c25 span {
  display: none;
}

.c25:hover {
  color: #FAFAFA;
  background: #F231A5;
}

.c7 {
  color: #FAFAFA;
  width: 11rem;
  height: 3.3rem;
}

.c29 {
  color: #030517;
  width: 11rem;
  height: 3.3rem;
}

.c2 {
  display: -webkit-box;
  display: -webkit-flex;
  display: -ms-flexbox;
  display: flex;
  -webkit-align-items: center;
  -webkit-box-align: center;
  -ms-flex-align: center;
  align-items: center;
  padding: 2.4rem 0;
  position: relative;
  z-index: 20;
}

.c4 {
  color: #FAFAFA;
  cursor: pointer;
  width: 2.4rem;
  height: 2.4rem;
}

.c13 {
  display: -webkit-box;
  display: -webkit-flex;
  display: -ms-flexbox;
  display: flex;
  -webkit-box-flex: 1;
  -webkit-flex-grow: 1;
  -ms-flex-positive: 1;
  flex-grow: 1;
  -webkit-box-pack: end;
  -webkit-justify-content: flex-end;
  -ms-flex-pack: end;
  justify-content: flex-end;
  -webkit-align-items: center;
  -webkit-box-align: center;
  -ms-flex-align: center;
  align-items: center;
}

.c13 > div {
  margin-left: 1.6rem;
}

.c12 {
  position: relative;
  color: #FAFAFA;
  font-size: 1.6rem;
  margin: 0.3rem 2.4rem 0;
  -webkit-text-decoration: none;
  text-decoration: none;
  text-align: center;
}

.c12:hover::after {
  content: '';
  position: absolute;
  display: block;
  height: 0.3rem;
  background-color: #F231A5;
  -webkit-animation: hoverAnimation 0.2s forwards;
  animation: hoverAnimation 0.2s forwards;
}

.c15 {
  display: -webkit-box;
  display: -webkit-flex;
  display: -ms-flexbox;
  display: flex;
  -webkit-flex-direction: column;
  -ms-flex-direction: column;
  flex-direction: column;
  -webkit-box-pack: justify;
  -webkit-justify-content: space-between;
  -ms-flex-pack: justify;
  justify-content: space-between;
  background: #FAFAFA;
  position: fixed;
  z-index: 20;
  top: 0;
  bottom: 0;
  left: 0;
  right: 0;
  height: 100vh;
  overflow: hidden;
  -webkit-transition: 0.3s ease-in-out;
  transition: 0.3s ease-in-out;
  opacity: 0;
  pointer-events: none;
}

.c15 > svg {
  position: absolute;
  top: 0;
  right: 0;
  margin: 1.6rem;
  cursor: pointer;
  width: 2.4rem;
  height: 2.4rem;
}

.c15 .c9 {
  display: -webkit-box;
  display: -webkit-flex;
  display: -ms-flexbox;
  display: flex;
  -webkit-align-items: center;
  -webkit-box-align: center;
  -ms-flex-align: center;
  align-items: center;
  -webkit-box-pack: center;
  -webkit-justify-content: center;
  -ms-flex-pack: center;
  justify-content: center;
  -webkit-flex: 1;
  -ms-flex: 1;
  flex: 1;
  -webkit-flex-direction: column;
  -ms-flex-direction: column;
  flex-direction: column;
}

.c15 .c11 {
  color: #030517;
  font-weight: 600;
  font-size: 2.0rem;
  margin-bottom: 2.4rem;
  -webkit-transform: translateY(3rem);
  -ms-transform: translateY(3rem);
  transform: translateY(3rem);
  -webkit-transition: -webkit-transform 0.3s ease-in-out;
  -webkit-transition: transform 0.3s ease-in-out;
  transition: transform 0.3s ease-in-out;
}

.c15 .c16 {
  -webkit-transform: translateY(3rem);
  -ms-transform: translateY(3rem);
  transform: translateY(3rem);
  -webkit-transition: -webkit-transform 0.3s ease-in-out;
  -webkit-transition: transform 0.3s ease-in-out;
  transition: transform 0.3s ease-in-out;
}

.c17 {
  display: -webkit-box;
  display: -webkit-flex;
  display: -ms-flexbox;
  display: flex;
  -webkit-flex-direction: column;
  -ms-flex-direction: column;
  flex-direction: column;
  -webkit-align-items: center;
  -webkit-box-align: center;
  -ms-flex-align: center;
  align-items: center;
  padding: 0 4.8rem 4.8rem;
}

.c17 > span {
  display: block;
  margin: 0.8rem 0;
  font-size: 1.2rem;
}

.c19 {
  -webkit-text-decoration: none;
  text-decoration: none;
  color: #F231A5;
  border-bottom: 0.2rem solid #F231A5;
}

.c14 {
  display: -webkit-inline-box;
  display: -webkit-inline-flex;
  display: -ms-inline-flexbox;
  display: inline-flex;
  -webkit-align-items: center;
  -webkit-box-align: center;
  -ms-flex-align: center;
  align-items: center;
  -webkit-box-pack: center;
  -webkit-justify-content: center;
  -ms-flex-pack: center;
  justify-content: center;
  background: linear-gradient(180deg,#ff5f5f 0%,#f062c0 50%);
  color: #FAFAFA;
  border: 0;
  cursor: pointer;
  border-radius: 0.4rem;
  padding: 0.8rem;
  -webkit-text-decoration: none;
  text-decoration: none;
  height: 4rem;
  font-size: 1.4rem;
  padding: 0.8rem 3.2rem;
}

.c14:hover {
  background: linear-gradient(180deg,#e35565 0%,#d958a6 50%);
}

.c18 {
  display: -webkit-inline-box;
  display: -webkit-inline-flex;
  display: -ms-inline-flexbox;
  display: inline-flex;
  -webkit-align-items: center;
  -webkit-box-align: center;
  -ms-flex-align: center;
  align-items: center;
  -webkit-box-pack: center;
  -webkit-justify-content: center;
  -ms-flex-pack: center;
  justify-content: center;
  background: linear-gradient(180deg,#ff5f5f 0%,#f062c0 50%);
  color: #FAFAFA;
  border: 0;
  cursor: pointer;
  border-radius: 0.4rem;
  padding: 0.8rem;
  -webkit-text-decoration: none;
  text-decoration: none;
  height: 5rem;
  font-size: 1.6rem;
  padding: 0.8rem 4.8rem;
  width: 100%;
}

.c18:hover {
  background: linear-gradient(180deg,#e35565 0%,#d958a6 50%);
}

.c3 {
  display: none;
}

.c8 {
  display: none;
}

.c28 .c21 {
  text-transform: uppercase;
}

.c30 {
  display: grid;
  grid-template-columns: minmax(auto,50%) 1fr;
  gap: 3.2rem;
  margin-top: 3.2rem;
}

.c31 a,
.c31 span {
  display: block;
  color: #8F8F8F;
  -webkit-text-decoration: none;
  text-decoration: none;
  margin-bottom: 0.8rem;
  font-size: 1.4rem;
}

.c31 a {
  word-wrap: break-word;
  overflow-wrap: break-word;
}

.c31 a:hover {
  -webkit-text-decoration: underline;
  text-decoration: underline;
}

.c33 {
  color: #8F8F8F;
  font-size: 1.2rem;
  margin-top: 4.0rem;
  margin-bottom: 3.2rem;
  text-align: center;
}

.c0 {
  min-height: 100vh;
  display: -webkit-box;
  display: -webkit-flex;
  display: -ms-flexbox;
  display: flex;
  -webkit-flex-direction: column;
  -ms-flex-direction: column;
  flex-direction: column;
  -webkit-box-pack: justify;
  -webkit-justify-content: space-between;
  -ms-flex-pack: justify;
  justify-content: space-between;
}

.c20 {
  -webkit-flex: 1 0 auto;
  -ms-flex: 1 0 auto;
  flex: 1 0 auto;
  margin-top: 4.8rem;
}

.c27 {
  margin-top: 4.0rem;
  padding-bottom: 1.6rem;
  padding-top: 5.6rem;
  background-color: #FAFAFA;
  -webkit-clip-path: polygon(0 5%,100% 0%,100% 100%,0 100%);
  clip-path: polygon(0 5%,100% 0%,100% 100%,0 100%);
}

.c23 {
  margin-top: 3.2rem;
}

.c26 {
  width: 100%;
  background-color: #FAFAFA;
  color: #030517;
  padding: 1.6rem;
}

@media (min-width:768px) {
  .c22 {
    font-size: 2.8rem;
  }
}

@media (min-width:768px) {
  .c24 {
    -webkit-flex-direction: column;
    -ms-flex-direction: column;
    flex-direction: column;
    border: 0;
  }

  .c24 a:not(:last-child) {
    border-bottom: 0.1rem solid #EAEAEA;
  }
}

@media (min-width:768px) {
  .c25 {
    -webkit-box-pack: start;
    -webkit-justify-content: flex-start;
    -ms-flex-pack: start;
    justify-content: flex-start;
    padding-left: 1.6rem;
    padding-right: 1.6rem;
  }

  .c25 span {
    display: block;
    margin-left: 1.6rem;
  }
}

@media (max-width:768px) {
  .c7 {
    width: 5.8rem;
    height: 4.5rem;
  }

  .c7 svg {
    height: 4.5rem;
    pointer-events: none;
  }

  .c7 .text {
    display: none;
  }
}

@media (max-width:768px) {
  .c6 {
    position: absolute;
    left: 50%;
    -webkit-transform: translateX(-50%);
    -ms-transform: translateX(-50%);
    transform: translateX(-50%);
  }
}

@media (min-width:768px) {
  .c10 {
    margin-left: 2.4rem;
  }
}

@media (max-width:768px) {
  .c3 {
    display: block;
  }
}

@media (min-width:768px) {
  .c8 {
    display: block;
  }
}

@media (min-width:768px) {
  .c30 {
    grid-template-columns: repeat(4,1fr);
  }
}

@media (min-width:768px) {
  .c27 {
    padding-top: calc(5.6rem * 2);
    -webkit-clip-path: polygon(0 15%,100% 0%,100% 100%,0 100%);
    clip-path: polygon(0 15%,100% 0%,100% 100%,0 100%);
  }
}

@media (min-width:768px) {
  .c23 {
    display: grid;
    grid-template-columns: 32rem 1fr;
    gap: calc(3.2rem * 2);
  }
}

<div
  class="c0"
>
  <div
    class="c1"
  >
    <menu
      class="c2"
    >
      <div
        class="c3"
      >
        <div
          class="c4"
        >
          <svg
            aria-hidden="true"
            aria-label="Open menu"
            class="c5"
            fill="currentColor"
            focusable="false"
            viewBox="0 0 24 24"
            xmlns="http://www.w3.org/2000/svg"
          >
            <path
              d="M0 0h24v24H0z"
              fill="none"
            />
            <path
              d="M3 4h18v2H3V4zm0 7h12v2H3v-2zm0 7h18v2H3v-2z"
            />
          </svg>
        </div>
      </div>
      <div
        class="c6"
      >
        <a
          href="/"
        >
          <div
            class="c7"
            color="white"
          >
            <svg
              aria-label="Won Games"
              fill="none"
              role="img"
              viewBox="0 0 158 48"
              xmlns="http://www.w3.org/2000/svg"
            >
              <path
                d="M.055 15.227L.019 35.872c-.008 4.796 5.336 7.663 9.327 5.004l20.596-13.722L50.49 40.947c3.982 2.672 9.335-.176 9.344-4.972l.034-19.997c.014-7.882-7.549-13.565-15.116-11.361l-.873.254a50.875 50.875 0 01-29.358-.27C7.351 2.366.068 7.716.055 15.226z"
                fill="url(#paint0_linear_)"
              />
              <path
                d="M30.163 27.16l-6.033-4.292a.5.5 0 00-.782.494l1.293 7.298 5.523-3.5z"
                fill="#110F28"
                fill-opacity=".15"
              />
              <path
                d="M7.592 7.103c-5.11 2.755-4.519 5-4.519 7.5M57.274 26.103v1M3.052 18.103v2M57.274 30.103v5"
                stroke="#fff"
                stroke-linecap="round"
                stroke-opacity=".4"
                stroke-width="1.5"
              />
              <path
                d="M13.053 15.103v6M10.04 18.103h6.025"
                stroke="#0A0D27"
                stroke-linecap="round"
                stroke-width="2"
              />
              <ellipse
                fill="#0A0D27"
                rx="1.506"
                ry="1.5"
                transform="matrix(1 0 0 1 44.723 13.66)"
              />
              <ellipse
                fill="#0A0D27"
                rx="1.506"
                ry="1.5"
                transform="matrix(1 0 0 1 49.743 17.603)"
              />
              <ellipse
                fill="#0A0D27"
                rx="1.506"
                ry="1.5"
                transform="matrix(1 0 0 1 44.723 21.603)"
              />
              <ellipse
                fill="#0A0D27"
                rx="1.506"
                ry="1.5"
                transform="matrix(1 0 0 1 39.703 17.603)"
              />
              <path
                class="text"
                d="M79.263 12.633h-.06c-.68.1-1.2.44-1.56 1.02-.22.38-.33.78-.33 1.2 0 .1.01.2.03.3v.03l1.38 9.33c.08.54.34.99.78 1.35a2.27 2.27 0 001.77.45c.66-.1 1.17-.42 1.53-.96.26-.36.39-.77.39-1.23 0-.08-.01-.17-.03-.27l-1.38-9.33c-.08-.56-.34-1.03-.78-1.41-.42-.34-.9-.51-1.44-.51-.1 0-.2.01-.3.03zm18.78-.03c-.54 0-1.02.18-1.44.54-.44.36-.7.82-.78 1.38l-1.41 9.51c-.02.08-.03.15-.03.21 0 .52.17.98.51 1.38.36.46.84.73 1.44.81.1.02.21.03.33.03.66 0 1.21-.24 1.65-.72.3-.32.49-.7.57-1.14v-.06l1.38-9.36v-.03c.02-.1.03-.2.03-.3 0-.42-.12-.82-.36-1.2-.36-.58-.87-.92-1.53-1.02h-.06c-.1-.02-.2-.03-.3-.03zm-9.24 8.04h-.06c-.08 0-.16.01-.24.03-.36.04-.69.16-.99.36-.16.1-.3.22-.42.36-.08.08-.21.22-.39.42l-2.19 2.7c-.18.2-.42.48-.72.84-.28.34-.51.59-.69.75-.38.34-.75.58-1.11.72-.2.08-.41.14-.63.18-.14.02-.29.03-.45.03-.38 0-.74-.07-1.08-.21-.32-.12-.6-.29-.84-.51l.75 5.13v.06c.02.04.03.09.03.15.04.18.09.35.15.51.14.3.35.56.63.78.18.16.38.28.6.36.24.08.49.12.75.12h.09c.16 0 .3-.01.42-.03.46-.1.85-.32 1.17-.66l.3-.3 4.89-6.03 4.74 5.82c.24.28.39.45.45.51.38.38.83.61 1.35.69h.33c.28 0 .55-.05.81-.15.42-.18.77-.46 1.05-.84.18-.28.3-.59.36-.93v-.06l.75-5.01c-.34.3-.73.5-1.17.6-.26.08-.52.12-.78.12a2.903 2.903 0 01-1.26-.27c-.26-.12-.59-.37-.99-.75-.26-.26-.59-.65-.99-1.17l-2.52-3.06c-.14-.18-.28-.34-.42-.48-.2-.2-.39-.35-.57-.45-.3-.2-.64-.31-1.02-.33h-.09zm19.806.3c.28-.26.6-.46.96-.6.34-.14.69-.21 1.05-.21.46 0 .9.11 1.32.33.48.24.87.58 1.17 1.02a5.912 5.912 0 012.13-3.15 5.73 5.73 0 013.6-1.23c1.66 0 3.07.59 4.23 1.77 1.16 1.16 1.74 2.57 1.74 4.23 0 1.66-.58 3.08-1.74 4.26-1.16 1.16-2.57 1.74-4.23 1.74-1.34 0-2.55-.4-3.63-1.2a5.913 5.913 0 01-2.13-3.18c-.22.34-.5.63-.84.87-.5.3-1.04.45-1.62.45-.42 0-.83-.08-1.23-.24-.3-.14-.56-.32-.78-.54.5 2.42 1.71 4.42 3.63 6 1.92 1.56 4.12 2.34 6.6 2.34 1.9 0 3.65-.47 5.25-1.41 1.62-.94 2.89-2.21 3.81-3.81.94-1.62 1.41-3.38 1.41-5.28 0-1.9-.47-3.65-1.41-5.25-.92-1.62-2.19-2.9-3.81-3.84-1.6-.94-3.35-1.41-5.25-1.41-2.46 0-4.65.79-6.57 2.37-1.92 1.56-3.14 3.55-3.66 5.97zm2.01-.09c-.66 0-1.21.24-1.65.72-.24.24-.41.53-.51.87-.06.22-.09.45-.09.69 0 .22.03.43.09.63.08.28.21.53.39.75.44.56 1.03.84 1.77.84.72 0 1.3-.27 1.74-.81.22-.26.37-.54.45-.84.04-.2.06-.4.06-.6 0-.18-.02-.35-.06-.51-.08-.38-.24-.71-.48-.99a2.23 2.23 0 00-1.71-.75zm29.649-8.25c-.6 0-1.12.21-1.56.63-.46.44-.69.98-.69 1.62v6.15c.24-.28.53-.5.87-.66.42-.2.87-.3 1.35-.3h.06c.46 0 .9.1 1.32.3a2.909 2.909 0 011.05.84l9.81 11.55c.44.58 1.03.87 1.77.87.66 0 1.22-.25 1.68-.75.38-.42.57-.92.57-1.5v-6.12c-.26.26-.56.47-.9.63-.42.2-.87.3-1.35.3-.56 0-1.08-.13-1.56-.39-.34-.2-.63-.45-.87-.75l-9.87-11.67c-.22-.24-.48-.43-.78-.57a2.26 2.26 0 00-.9-.18zm13.98 0c-.62 0-1.14.21-1.56.63-.46.44-.69.98-.69 1.62v8.7c0 .42.14.8.42 1.14.44.56 1.05.84 1.83.84.54 0 1.02-.15 1.44-.45.52-.4.79-.91.81-1.53v-8.7c-.02-.7-.29-1.27-.81-1.71-.42-.36-.9-.54-1.44-.54zm-14.01 8.07c-.6 0-1.11.19-1.53.57-.44.4-.67.88-.69 1.44v8.67c0 .5.15.95.45 1.35.46.6 1.06.9 1.8.9.64 0 1.18-.23 1.62-.69.42-.42.63-.94.63-1.56v-8.67c-.02-.8-.41-1.39-1.17-1.77-.32-.16-.67-.24-1.05-.24h-.06z"
                fill="currentColor"
              />
              <defs>
                <lineargradient
                  gradientUnits="userSpaceOnUse"
                  id="paint0_linear_"
                  x1="29.159"
                  x2="30.155"
                  y1="-7.397"
                  y2="49.103"
                >
                  <stop
                    stop-color="#FF5F5F"
                  />
                  <stop
                    offset="1"
                    stop-color="#F062C0"
                  />
                  <stop
                    offset="1"
                    stop-color="#F23131"
                  />
                </lineargradient>
              </defs>
            </svg>
          </div>
        </a>
      </div>
      <div
        class="c8"
      >
        <div
          class="c9 c10"
        >
          <a
            class="c11 c12"
            href="/"
          >
            Home
          </a>
          <a
            class="c11 c12"
            href="#"
          >
            Explore
          </a>
        </div>
      </div>
      <div
        class="c13"
      >
        <div
          class="c4"
        >
          <svg
            aria-hidden="true"
            aria-label="Search"
            class="c5"
            fill="currentColor"
            focusable="false"
            viewBox="0 0 24 24"
            xmlns="http://www.w3.org/2000/svg"
          >
            <path
              d="M0 0h24v24H0V0z"
              fill="none"
            />
            <path
              d="M15.5 14h-.79l-.28-.27A6.471 6.471 0 0016 9.5 6.5 6.5 0 109.5 16c1.61 0 3.09-.59 4.23-1.57l.27.28v.79l5 4.99L20.49 19l-4.99-5zm-6 0C7.01 14 5 11.99 5 9.5S7.01 5 9.5 5 14 7.01 14 9.5 11.99 14 9.5 14z"
            />
          </svg>
        </div>
        <div
          class="c4"
        >
          <svg
            aria-hidden="true"
            aria-label="Open Shopping Cart"
            class="c5"
            fill="currentColor"
            focusable="false"
            viewBox="0 0 24 24"
            xmlns="http://www.w3.org/2000/svg"
          >
            <path
              d="M0 0h24v24H0V0z"
              fill="none"
            />
            <path
              d="M15.55 13c.75 0 1.41-.41 1.75-1.03l3.58-6.49A.996.996 0 0020.01 4H5.21l-.94-2H1v2h2l3.6 7.59-1.35 2.44C4.52 15.37 5.48 17 7 17h12v-2H7l1.1-2h7.45zM6.16 6h12.15l-2.76 5H8.53L6.16 6zM7 18c-1.1 0-1.99.9-1.99 2S5.9 22 7 22s2-.9 2-2-.9-2-2-2zm10 0c-1.1 0-1.99.9-1.99 2s.89 2 1.99 2 2-.9 2-2-.9-2-2-2z"
            />
          </svg>
        </div>
        <div
          class="c8"
        >
          <a
            class="c14"
            href="/sign-in"
          >
             
            <span>
              Sign in
            </span>
          </a>
        </div>
      </div>
      <nav
        aria-hidden="true"
        class="c15"
      >
        <svg
          aria-hidden="true"
          aria-label="Close Menu"
          class="c5"
          fill="currentColor"
          focusable="false"
          viewBox="0 0 24 24"
          xmlns="http://www.w3.org/2000/svg"
        >
          <path
            d="M0 0h24v24H0V0z"
            fill="none"
          />
          <path
            d="M19 6.41L17.59 5 12 10.59 6.41 5 5 6.41 10.59 12 5 17.59 6.41 19 12 13.41 17.59 19 19 17.59 13.41 12 19 6.41z"
          />
        </svg>
        <div
          class="c9 c10"
        >
          <a
            class="c11 c12"
          >
            Home
          </a>
          <a
            class="c11 c12"
            href="#"
          >
            Explore
          </a>
        </div>
        <div
          class="c16 c17"
        >
          <a
            class="c18"
            href="/sign-in"
          >
             
            <span>
              Log in now
            </span>
          </a>
          <span>
            or
          </span>
          <a
            class="c19"
            href="/sign-up"
            title="Sign up"
          >
            Sign up
          </a>
        </div>
      </nav>
    </menu>
  </div>
  <div
    class="c20"
  >
    <div
      class="c1"
    >
      <h2
        class="c21 c22"
        color="white"
      >
        My profile
      </h2>
      <main
        class="c23"
      >
        <div
          class=""
        >
          <nav
            class="c24"
          >
            <a
              class="c25"
              href="/profile/me"
              title="My Profile"
            >
              <svg
                aria-hidden="true"
                class="c5"
                fill="currentColor"
                focusable="false"
                height="24"
                viewBox="0 0 24 24"
                width="24"
                xmlns="http://www.w3.org/2000/svg"
              >
                <path
                  d="M0 0h24v24H0V0z"
                  fill="none"
                />
                <path
                  d="M12 2C6.48 2 2 6.48 2 12s4.48 10 10 10 10-4.48 10-10S17.52 2 12 2zM7.07 18.28c.43-.9 3.05-1.78 4.93-1.78s4.51.88 4.93 1.78C15.57 19.36 13.86 20 12 20s-3.57-.64-4.93-1.72zm11.29-1.45c-1.43-1.74-4.9-2.33-6.36-2.33s-4.93.59-6.36 2.33A7.95 7.95 0 014 12c0-4.41 3.59-8 8-8s8 3.59 8 8c0 1.82-.62 3.49-1.64 4.83zM12 6c-1.94 0-3.5 1.56-3.5 3.5S10.06 13 12 13s3.5-1.56 3.5-3.5S13.94 6 12 6zm0 5c-.83 0-1.5-.67-1.5-1.5S11.17 8 12 8s1.5.67 1.5 1.5S12.83 11 12 11z"
                />
              </svg>
              <span>
                My profile
              </span>
            </a>
            <a
              class="c25"
              href="/profile/cards"
              title="My Cards"
            >
              <svg
                aria-hidden="true"
                class="c5"
                fill="currentColor"
                focusable="false"
                height="24"
                viewBox="0 0 24 24"
                width="24"
                xmlns="http://www.w3.org/2000/svg"
              >
                <path
                  d="M0 0h24v24H0V0z"
                  fill="none"
                />
                <path
                  d="M20 4H4c-1.11 0-1.99.89-1.99 2L2 18c0 1.11.89 2 2 2h16c1.11 0 2-.89 2-2V6c0-1.11-.89-2-2-2zm0 14H4v-6h16v6zm0-10H4V6h16v2z"
                />
              </svg>
              <span>
                My cards
              </span>
            </a>
            <a
              class="c25"
              href="/profile/orders"
              title="My Orders"
            >
              <svg
                aria-hidden="true"
                class="c5"
                fill="currentColor"
                focusable="false"
                height="24"
                viewBox="0 0 24 24"
                width="24"
                xmlns="http://www.w3.org/2000/svg"
              >
                <path
                  d="M0 0h24v24H0V0z"
                  fill="none"
                />
                <path
                  d="M4 10.5c-.83 0-1.5.67-1.5 1.5s.67 1.5 1.5 1.5 1.5-.67 1.5-1.5-.67-1.5-1.5-1.5zm0-6c-.83 0-1.5.67-1.5 1.5S3.17 7.5 4 7.5 5.5 6.83 5.5 6 4.83 4.5 4 4.5zm0 12c-.83 0-1.5.68-1.5 1.5s.68 1.5 1.5 1.5 1.5-.68 1.5-1.5-.67-1.5-1.5-1.5zM7 19h14v-2H7v2zm0-6h14v-2H7v2zm0-8v2h14V5H7z"
                />
              </svg>
              <span>
                My orders
              </span>
            </a>
            <a
              class="c25"
              href="/logout"
            >
              <svg
                aria-hidden="true"
                class="c5"
                fill="currentColor"
                focusable="false"
                height="24"
                viewBox="0 0 24 24"
                width="24"
                xmlns="http://www.w3.org/2000/svg"
              >
                <path
                  d="M0 0h24v24H0V0z"
                  fill="none"
                />
                <path
                  d="M10.09 15.59L11.5 17l5-5-5-5-1.41 1.41L12.67 11H3v2h9.67l-2.58 2.59zM19 3H5a2 2 0 00-2 2v4h2V5h14v14H5v-4H3v4a2 2 0 002 2h14c1.1 0 2-.9 2-2V5c0-1.1-.9-2-2-2z"
                />
              </svg>
              <span>
                Sign out
              </span>
            </a>
          </nav>
        </div>
        <div
          class="c26"
        />
      </main>
    </div>
  </div>
  <section
    class="c27"
  >
    <div
      class="c1"
    >
      <footer
        class="c28"
      >
        <div
          class="c29"
          color="black"
        >
          <svg
            aria-label="Won Games"
            fill="none"
            role="img"
            viewBox="0 0 158 48"
            xmlns="http://www.w3.org/2000/svg"
          >
            <path
              d="M.055 15.227L.019 35.872c-.008 4.796 5.336 7.663 9.327 5.004l20.596-13.722L50.49 40.947c3.982 2.672 9.335-.176 9.344-4.972l.034-19.997c.014-7.882-7.549-13.565-15.116-11.361l-.873.254a50.875 50.875 0 01-29.358-.27C7.351 2.366.068 7.716.055 15.226z"
              fill="url(#paint0_linear_)"
            />
            <path
              d="M30.163 27.16l-6.033-4.292a.5.5 0 00-.782.494l1.293 7.298 5.523-3.5z"
              fill="#110F28"
              fill-opacity=".15"
            />
            <path
              d="M7.592 7.103c-5.11 2.755-4.519 5-4.519 7.5M57.274 26.103v1M3.052 18.103v2M57.274 30.103v5"
              stroke="#fff"
              stroke-linecap="round"
              stroke-opacity=".4"
              stroke-width="1.5"
            />
            <path
              d="M13.053 15.103v6M10.04 18.103h6.025"
              stroke="#0A0D27"
              stroke-linecap="round"
              stroke-width="2"
            />
            <ellipse
              fill="#0A0D27"
              rx="1.506"
              ry="1.5"
              transform="matrix(1 0 0 1 44.723 13.66)"
            />
            <ellipse
              fill="#0A0D27"
              rx="1.506"
              ry="1.5"
              transform="matrix(1 0 0 1 49.743 17.603)"
            />
            <ellipse
              fill="#0A0D27"
              rx="1.506"
              ry="1.5"
              transform="matrix(1 0 0 1 44.723 21.603)"
            />
            <ellipse
              fill="#0A0D27"
              rx="1.506"
              ry="1.5"
              transform="matrix(1 0 0 1 39.703 17.603)"
            />
            <path
              class="text"
              d="M79.263 12.633h-.06c-.68.1-1.2.44-1.56 1.02-.22.38-.33.78-.33 1.2 0 .1.01.2.03.3v.03l1.38 9.33c.08.54.34.99.78 1.35a2.27 2.27 0 001.77.45c.66-.1 1.17-.42 1.53-.96.26-.36.39-.77.39-1.23 0-.08-.01-.17-.03-.27l-1.38-9.33c-.08-.56-.34-1.03-.78-1.41-.42-.34-.9-.51-1.44-.51-.1 0-.2.01-.3.03zm18.78-.03c-.54 0-1.02.18-1.44.54-.44.36-.7.82-.78 1.38l-1.41 9.51c-.02.08-.03.15-.03.21 0 .52.17.98.51 1.38.36.46.84.73 1.44.81.1.02.21.03.33.03.66 0 1.21-.24 1.65-.72.3-.32.49-.7.57-1.14v-.06l1.38-9.36v-.03c.02-.1.03-.2.03-.3 0-.42-.12-.82-.36-1.2-.36-.58-.87-.92-1.53-1.02h-.06c-.1-.02-.2-.03-.3-.03zm-9.24 8.04h-.06c-.08 0-.16.01-.24.03-.36.04-.69.16-.99.36-.16.1-.3.22-.42.36-.08.08-.21.22-.39.42l-2.19 2.7c-.18.2-.42.48-.72.84-.28.34-.51.59-.69.75-.38.34-.75.58-1.11.72-.2.08-.41.14-.63.18-.14.02-.29.03-.45.03-.38 0-.74-.07-1.08-.21-.32-.12-.6-.29-.84-.51l.75 5.13v.06c.02.04.03.09.03.15.04.18.09.35.15.51.14.3.35.56.63.78.18.16.38.28.6.36.24.08.49.12.75.12h.09c.16 0 .3-.01.42-.03.46-.1.85-.32 1.17-.66l.3-.3 4.89-6.03 4.74 5.82c.24.28.39.45.45.51.38.38.83.61 1.35.69h.33c.28 0 .55-.05.81-.15.42-.18.77-.46 1.05-.84.18-.28.3-.59.36-.93v-.06l.75-5.01c-.34.3-.73.5-1.17.6-.26.08-.52.12-.78.12a2.903 2.903 0 01-1.26-.27c-.26-.12-.59-.37-.99-.75-.26-.26-.59-.65-.99-1.17l-2.52-3.06c-.14-.18-.28-.34-.42-.48-.2-.2-.39-.35-.57-.45-.3-.2-.64-.31-1.02-.33h-.09zm19.806.3c.28-.26.6-.46.96-.6.34-.14.69-.21 1.05-.21.46 0 .9.11 1.32.33.48.24.87.58 1.17 1.02a5.912 5.912 0 012.13-3.15 5.73 5.73 0 013.6-1.23c1.66 0 3.07.59 4.23 1.77 1.16 1.16 1.74 2.57 1.74 4.23 0 1.66-.58 3.08-1.74 4.26-1.16 1.16-2.57 1.74-4.23 1.74-1.34 0-2.55-.4-3.63-1.2a5.913 5.913 0 01-2.13-3.18c-.22.34-.5.63-.84.87-.5.3-1.04.45-1.62.45-.42 0-.83-.08-1.23-.24-.3-.14-.56-.32-.78-.54.5 2.42 1.71 4.42 3.63 6 1.92 1.56 4.12 2.34 6.6 2.34 1.9 0 3.65-.47 5.25-1.41 1.62-.94 2.89-2.21 3.81-3.81.94-1.62 1.41-3.38 1.41-5.28 0-1.9-.47-3.65-1.41-5.25-.92-1.62-2.19-2.9-3.81-3.84-1.6-.94-3.35-1.41-5.25-1.41-2.46 0-4.65.79-6.57 2.37-1.92 1.56-3.14 3.55-3.66 5.97zm2.01-.09c-.66 0-1.21.24-1.65.72-.24.24-.41.53-.51.87-.06.22-.09.45-.09.69 0 .22.03.43.09.63.08.28.21.53.39.75.44.56 1.03.84 1.77.84.72 0 1.3-.27 1.74-.81.22-.26.37-.54.45-.84.04-.2.06-.4.06-.6 0-.18-.02-.35-.06-.51-.08-.38-.24-.71-.48-.99a2.23 2.23 0 00-1.71-.75zm29.649-8.25c-.6 0-1.12.21-1.56.63-.46.44-.69.98-.69 1.62v6.15c.24-.28.53-.5.87-.66.42-.2.87-.3 1.35-.3h.06c.46 0 .9.1 1.32.3a2.909 2.909 0 011.05.84l9.81 11.55c.44.58 1.03.87 1.77.87.66 0 1.22-.25 1.68-.75.38-.42.57-.92.57-1.5v-6.12c-.26.26-.56.47-.9.63-.42.2-.87.3-1.35.3-.56 0-1.08-.13-1.56-.39-.34-.2-.63-.45-.87-.75l-9.87-11.67c-.22-.24-.48-.43-.78-.57a2.26 2.26 0 00-.9-.18zm13.98 0c-.62 0-1.14.21-1.56.63-.46.44-.69.98-.69 1.62v8.7c0 .42.14.8.42 1.14.44.56 1.05.84 1.83.84.54 0 1.02-.15 1.44-.45.52-.4.79-.91.81-1.53v-8.7c-.02-.7-.29-1.27-.81-1.71-.42-.36-.9-.54-1.44-.54zm-14.01 8.07c-.6 0-1.11.19-1.53.57-.44.4-.67.88-.69 1.44v8.67c0 .5.15.95.45 1.35.46.6 1.06.9 1.8.9.64 0 1.18-.23 1.62-.69.42-.42.63-.94.63-1.56v-8.67c-.02-.8-.41-1.39-1.17-1.77-.32-.16-.67-.24-1.05-.24h-.06z"
              fill="currentColor"
            />
            <defs>
              <lineargradient
                gradientUnits="userSpaceOnUse"
                id="paint0_linear_"
                x1="29.159"
                x2="30.155"
                y1="-7.397"
                y2="49.103"
              >
                <stop
                  stop-color="#FF5F5F"
                />
                <stop
                  offset="1"
                  stop-color="#F062C0"
                />
                <stop
                  offset="1"
                  stop-color="#F23131"
                />
              </lineargradient>
            </defs>
          </svg>
        </div>
        <div
          class="c30"
        >
          <div
            class="c31"
          >
            <h2
              class="c21 c32"
              color="black"
            >
              Contact Us
            </h2>
            <a
              href="mailto:sac@wongames.com"
            >
              sac@wongames.com
            </a>
          </div>
          <div
            class="c31"
          >
            <h2
              class="c21 c32"
              color="black"
            >
              Follow us
            </h2>
            <nav
              aria-labelledby="social media"
            >
              <a
                href="https://www.instagram.com/won-games"
                rel="noopenner, noreferrer"
                target="_blank"
              >
                Instagram
              </a>
              <a
                href="https://www.twitter.com/won-games"
                rel="noopenner, noreferrer"
                target="_blank"
              >
                Twitter
              </a>
              <a
                href="https://www.youtube.com/won-games"
                rel="noopenner, noreferrer"
                target="_blank"
              >
                Youtube
              </a>
              <a
                href="https://www.facebook.com/won-games"
                rel="noopenner, noreferrer"
                target="_blank"
              >
                Facebook
              </a>
            </nav>
          </div>
          <div
            class="c31"
          >
            <h2
              class="c21 c32"
              color="black"
            >
              Links
            </h2>
            <nav
              aria-labelledby="footer resources"
            >
              <a
                href="/"
              >
                Home
              </a>
              <a
                href="/games"
              >
                Store
              </a>
              <a
                href="/search"
              >
                Buscar
              </a>
            </nav>
          </div>
          <div
            aria-labelledby="footer-contact"
            class="c31"
          >
            <h2
              class="c21 c32"
              color="black"
            >
              Location
            </h2>
            <span>
              Lorem ipsum dolor sit.
            </span>
            <span>
              Lorem Ipsum
            </span>
            <span>
              Lorem, ipsum dolor.
            </span>
          </div>
        </div>
        <div
          class="c33"
        >
          Won Games 2020 © All rights reserved.
        </div>
      </footer>
    </div>
  </section>
</div>
`
